// Jest Snapshot v1, https://goo.gl/fbAQLP

exports[`LoadingPage renders without crashing 1`] = `
<div>
  <header>
    <div
      className="Content"
    >
      <div>
        <h1>
          The Artifact
        </h1>
        <h2>
          Culture & Art blog
        </h2>
      </div>
      <nav>
        <div
          className="navBar"
        >
          <a
            href="/"
          >
            Blog
          </a>
          <a
            href="#"
          >
            About
          </a>
          <a
            href="#"
          >
            Contact
          </a>
        </div>
      </nav>
    </div>
  </header>
  <div
    className="Loading-page"
  >
    Loading...
  </div>
  <footer>
    <div
      className="footerContent"
    >
      <small>
        Â©artifact.com 2019
      </small>
    </div>
  </footer>
</div>
`;
