// Jest Snapshot v1, https://goo.gl/fbAQLP

exports[`Button renders without crashing 1`] = `
<button
  className="Button"
>
  CREATE POSTS
</button>
`;
