// Jest Snapshot v1, https://goo.gl/fbAQLP

exports[`Footer renders without crashing 1`] = `
<footer>
  <div
    className="footerContent"
  >
    <small>
      Â©artifact.com 2019
    </small>
  </div>
</footer>
`;
