// Jest Snapshot v1, https://goo.gl/fbAQLP

exports[`PostForm renders without crashing 1`] = `
<form
  className="Form-content"
>
  <span>
    <label>
      Date
    </label>
    <input
      type="date"
    />
  </span>
  <span>
    <label>
      Reading time (in minutes)
    </label>
    <input
      type="number"
    />
  </span>
  <span
    className="title"
  >
    <label>
      Title
    </label>
    <input
      maxLength={70}
      type="text"
    />
  </span>
  <span
    className="description"
  >
    <label>
      Description
    </label>
    <textarea
      maxLength={130}
    />
  </span>
  <span>
    <label>
      Image
    </label>
    <input
      accept="image/*"
      name="pic"
      type="file"
    />
  </span>
  <span>
    <button
      className="Button"
      type="submit"
    >
      UPLOAD POST
    </button>
  </span>
</form>
`;
